<script>(function(){

  function embed() {
    if (!document.querySelector('#esvg-svg-others-symbols-svg-sub-folder')) {
      document.querySelector('body').insertAdjacentHTML('afterbegin', '<svg id="esvg-svg-others-symbols-svg-sub-folder" version="1.1" style="height:0;position:absolute"><symbol classname="symbol-others-test" viewbox="0 0 253 160" width="253" height="160"><g id="HAProxy"><g><path d="M252.318,86.336l-126.159,72.836l-126.159,-72.837l0.001,-13.499l126.159,72.839l126.158,-72.838l0,13.499Z" fill="url(#symbol-others-test-ref0)" style=""/><path d="M252.318,72.837l-126.158,72.838l-126.159,-72.839l126.158,-72.836l126.159,72.837Z" fill="url(#symbol-others-test-ref1)" style=""/><path d="M252.318,72.837l-126.158,72.838l-126.159,-72.839l126.158,-72.836l126.159,72.837Zm-251.317,-0.001l125.159,72.261l125.158,-72.26l-125.158,-72.26l-125.159,72.259Z" fill="#4d7594" style=""/><path d="M8.355,84.372c0,0.955 -0.67,1.342 -1.497,0.865c-0.827,-0.478 -1.497,-1.638 -1.497,-2.592c0,-0.955 0.67,-1.342 1.497,-0.865c0.827,0.477 1.497,1.638 1.497,2.592" fill="#19ca48" style=""/><path d="M119.154,148.774l0,-0.799l-97.666,-56.378l0,0.81l97.666,56.367Z" fill="#3d6484" style=""/><path d="M13.672,87.439c0,0.954 -0.67,1.341 -1.497,0.864c-0.826,-0.477 -1.496,-1.638 -1.496,-2.592c0,-0.955 0.67,-1.342 1.496,-0.864c0.827,0.477 1.497,1.637 1.497,2.592" fill="#19ca48" style=""/><path d="M19.059,90.545c0,0.955 -0.67,1.341 -1.497,0.864c-0.826,-0.477 -1.496,-1.637 -1.496,-2.592c0,-0.954 0.67,-1.341 1.496,-0.864c0.827,0.477 1.497,1.638 1.497,2.592" fill="#19ca48" style=""/></g></g><defs><linearGradient id="symbol-others-test-ref0" x1="0" y1="0" x2="1" y2="0" gradientUnits="userSpaceOnUse" gradientTransform="matrix(126.158,-70.2484,70.2484,126.158,126.159,149.85)"><stop offset="0" style="stop-color:#253d54;stop-opacity:0.980392"/><stop offset="1" style="stop-color:#35516a;stop-opacity:0.980392"/></linearGradient><linearGradient id="symbol-others-test-ref1" x1="0" y1="0" x2="1" y2="0" gradientUnits="userSpaceOnUse" gradientTransform="matrix(107.612,-72.8683,72.8683,107.612,68.5533,111.409)"><stop offset="0" style="stop-color:#335774;stop-opacity:0.94902"/><stop offset="1" style="stop-color:#243e57;stop-opacity:0.94902"/></linearGradient></defs></symbol><symbol classname="symbol-comment-bubble" viewbox="0 0 512 512" width="512" height="512"><path d="M334.95,70.271c74.534,0 134.955,60.421 134.955,134.957c0,74.531 -60.421,134.953 -134.955,134.955l0,0.001l-59.983,0l-89.971,89.972l0,-89.972l0,-0.003c-74.538,0 -134.957,-60.422 -134.957,-134.953c0,-74.536 60.42,-134.957 134.957,-134.957l149.954,0Z" fill="#000" fill-opacity="0.435294" style=""/></symbol><symbol classname="symbol-root" viewbox="0 0 512 512" width="512" height="512"><path d="M334.95,70.271c74.534,0 134.955,60.421 134.955,134.957c0,74.531 -60.421,134.953 -134.955,134.955l0,0.001l-59.983,0l-89.971,89.972l0,-89.972l0,-0.003c-74.538,0 -134.957,-60.422 -134.957,-134.953c0,-74.536 60.42,-134.957 134.957,-134.957l149.954,0Z" fill="#000" fill-opacity="0.435294" style=""/></symbol><symbol classname="symbol-sub-folder-test" viewbox="0 0 512 512" width="512" height="512"><path id="Icons" d="M334.95,40.28l-149.954,0c-90.954,0 -164.947,73.996 -164.947,164.947c0,80.714 58.268,148.074 134.957,162.213l0,62.716c0,12.129 7.306,23.064 18.513,27.707c3.71,1.537 7.607,2.283 11.47,2.283c7.805,0 15.475,-3.046 21.214,-8.785l81.187,-81.186l47.561,0c90.949,0 164.945,-74 164.945,-164.947c0,-90.952 -73.996,-164.947 -164.945,-164.947M334.95,70.271c74.534,0 134.955,60.421 134.955,134.957c0,74.531 -60.421,134.953 -134.955,134.955l0,0.001l-59.983,0l-89.971,89.972l0,-89.972l0,-0.003c-74.538,0 -134.957,-60.422 -134.957,-134.953c0,-74.536 60.42,-134.957 134.957,-134.957l149.952,0" fill="#000" style=""/></symbol></svg>')
    }
  }

  // If DOM is already ready, embed SVGs
  if (document.readyState == 'interactive') { embed() }

  // Handle Turbolinks page change events
  if ( window.Turbolinks ) {
    document.addEventListener("turbolinks:load", function(event) { embed() })
  }

  // Handle standard DOM ready events
  document.addEventListener("DOMContentLoaded", function(event) { embed() })
})()</script>