<svg class="svg-symbol svg-comment-bubble" viewBox="0 0 512 512" role="img" width="512" height="512"><use height="512" width="512" xlink:href="#svg-flatten-comment-bubble"/></svg>