<svg viewbox="0 0 512 512" classname="svg-symbol svg-comment-bubble" width="512" height="512"><use xlink:href="#svg-comment-bubble"/></svg>