<svg viewBox="0 0 512 512" class="svg-symbol svg-comment-bubble" width="512" height="512"><use xlink:href="#svg-comment-bubble"/></svg>