<svg class="svg-symbol svg-sub-folder-test" viewBox="0 0 512 512"><use xlink:href="#svg-sub-folder-test"/></svg>