<svg class="svg-icon icon-comment-bubble" viewBox="0 0 512 512" style="display: none"><use xlink:href="#icon-comment-bubble"/></svg>