<svg viewBox="0 0 512 512" class="svg-symbol svg-sub-folder-test" width="200px"><use xlink:href="#svg-sub-folder-test"/></svg>