<svg id="esvg-icon-flatten" version="1.1" style="display:none"><symbol id="icon-flatten-comment-bubble" viewBox="0 0 512 512" width="512" height="512"><path d="M334.95,70.271c74.534,0 134.955,60.421 134.955,134.957c0,74.531 -60.421,134.953 -134.955,134.955l0,0.001l-59.983,0l-89.971,89.972l0,-89.972l0,-0.003c-74.538,0 -134.957,-60.422 -134.957,-134.953c0,-74.536 60.42,-134.957 134.957,-134.957l149.954,0Z" fill-opacity="0.435294"/></symbol></svg>