<svg class="svg-icon icon-comments" viewBox="0 0 512 512" width="512" height="512"><use xlink:href="#icon-comments"/></svg>